// Jest Snapshot v1, https://goo.gl/fbAQLP

exports[`TextInput Unit Tests matches snapshot 1`] = `
<DocumentFragment>
  <input
    aria-label="text input"
    class="sc-beySPh cuIecB"
    placeholder="Enter text here"
    type="text"
    value="test"
  />
</DocumentFragment>
`;
